../src/LoadCell.c:64:6:loadcell_measuring_handler	8	static
../src/LoadCell.c:107:5:loadcell_is_ready	8	static
../src/LoadCell.c:112:6:loadcell_sck_pin_toggle	8	static
../src/LoadCell.c:120:6:loadcell_calculate_tare	32	static
../src/LoadCell.c:139:6:loadcell_calculate_scale	32	static
../src/LoadCell.c:162:6:loadcell_timer_config	8	static
../src/LoadCell.c:181:6:loadcell_pin_config	8	static
../src/LoadCell.c:206:6:loadcell_init	32	static
../src/LoadCell.c:234:9:loadcell_read	16	static
../src/LoadCell.c:249:6:loadcell_start_tare	16	static
../src/LoadCell.c:258:6:loadcell_start_calibrate	16	static
../src/LoadCell.c:268:5:is_loadcell_in_tare	4	static
../src/LoadCell.c:273:5:is_loadcell_in_scale	4	static
../src/LoadCell.c:278:5:is_loadcell_set_scale	4	static
../src/LoadCell.c:283:6:loadcell_start_measuring	8	static
