../src/PetFeeder.c:13:5:main	8	static
../src/PetFeeder.c:27:6:init	16	static
../src/PetFeeder.c:51:6:config_control_timer	32	static
../src/PetFeeder.c:75:6:control_steppmotor	8	static
../src/PetFeeder.c:101:6:control_bluetooh_rx	48	static
../src/PetFeeder.c:148:6:control_keyboard	16	static
../src/PetFeeder.c:222:6:control_timer	16	static
../src/PetFeeder.c:267:6:reload_control	16	static
../src/PetFeeder.c:287:6:manual_calibration	24	static
../src/PetFeeder.c:310:6:manual_reload_weigth	16	static
