/home/franco/Documentos/Trabajo Final/CMSISv2p00_LPC17xx/inc/core_cm3.h:928:22:NVIC_EnableIRQ	16	static
/home/franco/Documentos/Trabajo Final/CMSISv2p00_LPC17xx/inc/core_cm3.h:941:22:NVIC_DisableIRQ	16	static
../src/TIMHandler.c:18:6:TIMER0_IRQHandler	8	static
../src/TIMHandler.c:24:6:TIMER1_IRQHandler	8	static
../src/TIMHandler.c:30:6:TIMER2_IRQHandler	8	static
../src/TIMHandler.c:36:6:TIMER3_IRQHandler	8	static
../src/TIMHandler.c:42:5:timer_add_handler	16	static
../src/TIMHandler.c:70:5:timer_remove_handler	16	static
